// Jest Snapshot v1, https://goo.gl/fbAQLP

exports[`test priceList component should render the component to snapshots 1`] = `ShallowWrapper {}`;
